Microchip MPLAB XC8 Compiler V2.05 ()

Linker command line:

-W-3 --edf=C:\Program Files (x86)\Microchip\xc8\v2.05\pic\dat\en_msgs.txt \
  -cs -h+dist/default/production\Abi.production.sym \
  --cmf=dist/default/production\Abi.production.cmf -z -Q18F4550 \
  -oC:\Users\admin\AppData\Local\Temp\sidg.2 --defsym=__MPLAB_BUILD=1 \
  -Mdist/default/production/Abi.production.map -E1 -ver=XC8 --acfsm=1493 \
  -ASTACK=066h-07FFh -pstack=STACK \
  -ACODE=02000h-02005h,02008h-02015h,02018h-07FFFh \
  -ACONST=02000h-02005h,02008h-02015h,02018h-07FFFh \
  -ASMALLCONST=02000h-02005h,02008h-02015h,02018h-020FFh,02100h-021FFhx95 \
  -AMEDIUMCONST=02000h-02005h,02008h-02015h,02018h-07FFFh -ACOMRAM=01h-05Fh \
  -AABS1=00h-07FFh -ABIGRAM=01h-07FFh -ARAM=060h-0FFh,0100h-01FFhx7 \
  -ABANK0=060h-0FFh -ABANK1=0100h-01FFh -ABANK2=0200h-02FFh \
  -ABANK3=0300h-03FFh -ABANK4=0400h-04FFh -ABANK5=0500h-05FFh \
  -ABANK6=0600h-06FFh -ABANK7=0700h-07FFh -ASFR=0F60h-0FFFh \
  -preset_vec=00h,intcode=08h,intcodelo,powerup,init -pramtop=0800h \
  -psmallconst=SMALLCONST -pmediumconst=MEDIUMCONST -pconst=CONST \
  -AFARRAM=00h-00h -ACONFIG=0300000h-030000Dh -pconfig=CONFIG \
  -AIDLOC=0200000h-0200007h -pidloc=IDLOC -AEEDATA=0F00000h-0F000FFh \
  -peeprom_data=EEDATA \
  -prdata=COMRAM,nvrram=COMRAM,nvbit=COMRAM,rbss=COMRAM,rbit=COMRAM \
  -pfarbss=FARRAM,fardata=FARRAM,nvFARRAM=FARRAM \
  -pintsave_regs=BIGRAM,bigbss=BIGRAM,bigdata=BIGRAM -pbss=RAM \
  -pidata=CODE,irdata=CODE,ibigdata=CODE,ifardata=CODE -prparam=COMRAM \
  C:\Users\admin\AppData\Local\Temp\sidg.o \
  dist/default/production\Abi.production.o 

Object code version is 3.11

Machine type is 18F4550

Call graph: (short form)




                Name                               Link     Load   Length Selector   Space Scale
C:\Users\admin\AppData\Local\Temp\sidg.o
                init                                  E        E        4        4       0
                reset_vec                             0        0        4        0       0
                idloc                            200000   200000        8   200000       0
                config                           300000   300000        E   300000       0
dist/default/production\Abi.production.o
                intcode                               8        8        6        4       0
                temp                                 5F       5F        1        1       1
                smallconst                         2018     2018       80     100C       0
                text16                             7A10     7A10        C     3D08       0
                text15                             7A2A     7A2A       12     3D15       0
                text14                             7A06     7A06        A     3D03       0
                intcode_body                       7C22     7C22       AA     3E11       0
                text12                             7A82     7A82       20     3D41       0
                text11                             7A1C     7A1C        E     3D0E       0
                text10                             7CCC     7CCC      188     3E66       0
                text9                              7AE6     7AE6       2C     3D73       0
                text8                              7A68     7A68       1A     3D34       0
                text7                              7AA2     7AA2       20     3D51       0
                text6                              7B12     7B12       38     3D89       0
                text5                              2008     2008        E     1004       0
                text4                              7BCA     7BCA       58     3DE5       0
                text3                              7B4A     7B4A       3C     3DA5       0
                text2                              7E54     7E54      1AC     3F2A       0
                text1                              7A3C     7A3C       16     3D1E       0
                text0                              7AC2     7AC2       24     3D61       0
                cstackCOMRAM                         2F       2F       1A        1       1
                bssBANK0                             60       60        4       60       1
                dataCOMRAM                           49       49       16        1       1
                bssCOMRAM                             1        1       2E        1       1
                cinit                              7B86     7B86       44     3DC3       0
                nvBANK0                              64       64        2       60       1
                idataCOMRAM                        7A52     7A52       16     7A52       0

TOTAL           Name                               Link     Load   Length     Space
        CLASS   STACK          

        CLASS   CODE           
                intcode                               8        8        6         0
                init                                  E        E        4         0
                reset_vec                             0        0        4         0
                text16                             7A10     7A10        C         0
                text15                             7A2A     7A2A       12         0
                text14                             7A06     7A06        A         0
                intcode_body                       7C22     7C22       AA         0
                text12                             7A82     7A82       20         0
                text11                             7A1C     7A1C        E         0
                text10                             7CCC     7CCC      188         0
                text9                              7AE6     7AE6       2C         0
                text8                              7A68     7A68       1A         0
                text7                              7AA2     7AA2       20         0
                text6                              7B12     7B12       38         0
                text5                              2008     2008        E         0
                text4                              7BCA     7BCA       58         0
                text3                              7B4A     7B4A       3C         0
                text2                              7E54     7E54      1AC         0
                text1                              7A3C     7A3C       16         0
                text0                              7AC2     7AC2       24         0
                cinit                              7B86     7B86       44         0
                idataCOMRAM                        7A52     7A52       16         0

        CLASS   CONST          

        CLASS   SMALLCONST     
                smallconst                         2018     2018       80         0

        CLASS   MEDIUMCONST    

        CLASS   COMRAM         
                temp                                 5F       5F        1         1
                cstackCOMRAM                         2F       2F       1A         1
                dataCOMRAM                           49       49       16         1
                bssCOMRAM                             1        1       2E         1

        CLASS   ABS1           

        CLASS   BIGRAM         

        CLASS   RAM            

        CLASS   BANK0          
                bssBANK0                             60       60        4         1
                nvBANK0                              64       64        2         1

        CLASS   BANK1          

        CLASS   BANK2          

        CLASS   BANK3          

        CLASS   BANK4          

        CLASS   BANK5          

        CLASS   BANK6          

        CLASS   BANK7          

        CLASS   SFR            

        CLASS   FARRAM         

        CLASS   CONFIG         
                config                           300000   300000        E         0

        CLASS   IDLOC          
                idloc                            200000   200000        8         0

        CLASS   EEDATA         



SEGMENTS        Name                           Load    Length   Top    Selector   Space  Class

                reset_vec                      000000  000004  000004         0       0  CODE    
                bssCOMRAM                      000001  00005F  000060         1       1  COMRAM  
                intcode                        000008  00000A  000012         4       0  CODE    
                bssBANK0                       000060  000006  000066        60       1  BANK0   
                text5                          002008  00000E  002016      1004       0  CODE    
                smallconst                     002018  000080  002098      100C       0  SMALLCON
                text14                         007A06  00000A  007A10      3D03       0  CODE    
                text16                         007A10  00000C  007A1C      3D08       0  CODE    
                text11                         007A1C  00000E  007A2A      3D0E       0  CODE    
                text15                         007A2A  000012  007A3C      3D15       0  CODE    
                text1                          007A3C  000016  007A52      3D1E       0  CODE    
                idataCOMRAM                    007A52  000016  007A68      7A52       0  CODE    
                text8                          007A68  00001A  007A82      3D34       0  CODE    
                text12                         007A82  000020  007AA2      3D41       0  CODE    
                text7                          007AA2  000020  007AC2      3D51       0  CODE    
                text0                          007AC2  000024  007AE6      3D61       0  CODE    
                text9                          007AE6  00002C  007B12      3D73       0  CODE    
                text6                          007B12  000038  007B4A      3D89       0  CODE    
                text3                          007B4A  00003C  007B86      3DA5       0  CODE    
                cinit                          007B86  000044  007BCA      3DC3       0  CODE    
                text4                          007BCA  000058  007C22      3DE5       0  CODE    
                intcode_body                   007C22  0000AA  007CCC      3E11       0  CODE    
                text10                         007CCC  000188  007E54      3E66       0  CODE    
                text2                          007E54  0001AC  008000      3F2A       0  CODE    
                idloc                          200000  000008  200008    200000       0  IDLOC   
                config                         300000  00000E  30000E    300000       0  CONFIG  


UNUSED ADDRESS RANGES

        Name                Unused          Largest block    Delta
        BANK0            000066-0000FF               9A
        BANK1            000100-0001FF              100
        BANK2            000200-0002FF              100
        BANK3            000300-0003FF              100
        BANK4            000400-0004FF              100
        BANK5            000500-0005FF              100
        BANK6            000600-0006FF              100
        BANK7            000700-0007FF              100
        BIGRAM           000066-0007FF              79A
        CODE             002000-002005                6
                         002098-007A05             596E
        CONST            002000-002005                6
                         002098-007A05             596E
        EEDATA           F00000-F000FF              100
        MEDIUMCONST      002000-002005                6
                         002098-007A05             596E
        RAM              000066-0007FF              100
        SFR              000F60-000FFF               A0
        SMALLCONST       002000-002005                6
                         002098-007A05              100
        STACK            000066-0007FF              79A

                                  Symbol Table

Botones13@Estado_BOT           bssCOMRAM    00002B
LCD_init@i                     cstackCOMRAM 000031
LCD_init@i_434                 cstackCOMRAM 000035
LCD_init@i_435                 cstackCOMRAM 000039
LCD_init@i_436                 cstackCOMRAM 00003D
LCD_init@i_437                 cstackCOMRAM 000041
LCD_init@i_438                 cstackCOMRAM 000045
Leds13@i                       dataCOMRAM   00005C
Send4Disp@Nro_Disp             dataCOMRAM   00005B
_ADCON0bits                    (abs)        000FC2
_ADCON1                        (abs)        000FC1
_ADCON2                        (abs)        000FC0
_ADRESH                        (abs)        000FC4
_ADRESL                        (abs)        000FC3
_BAUDCONbits                   (abs)        000FB8
_CCP1CONbits                   (abs)        000FBD
_CCPR1L                        (abs)        000FBE
_CMCON                         (abs)        000FB4
_EEADR                         (abs)        000FA9
_EECON1bits                    (abs)        000FA6
_EECON2                        (abs)        000FA7
_EEDATA                        (abs)        000FA8
_EstadoDeLosBotones            bssCOMRAM    00002E
_INT0IE                        (abs)        007F94
_INT0IF                        (abs)        007F91
_INT1IE                        (abs)        007F83
_INT1IF                        (abs)        007F80
_INTCON2bits                   (abs)        000FF1
_INTCON3bits                   (abs)        000FF0
_INTCONbits                    (abs)        000FF2
_LATA                          (abs)        000F89
_LATAbits                      (abs)        000F89
_LATB                          (abs)        000F8A
_LATC                          (abs)        000F8B
_LATCbits                      (abs)        000F8B
_LATD                          (abs)        000F8C
_LATDbits                      (abs)        000F8C
_LATE                          (abs)        000F8D
_LATEbits                      (abs)        000F8D
_LCD_init                      text10       007CCC
_LCD_tout                      nvBANK0      000064
_LowerByte                     bssCOMRAM    00002A
_MedioPeriodoSet               bssCOMRAM    00000F
_Multiplicador                 bssCOMRAM    000029
_MultiplicadorSet              bssCOMRAM    000028
_OffsetPeriodo                 dataCOMRAM   000059
_PIE1bits                      (abs)        000F9D
_PIR1bits                      (abs)        000F9E
_PORTA                         (abs)        000F80
_PORTB                         (abs)        000F81
_PORTBbits                     (abs)        000F81
_PORTDbits                     (abs)        000F83
_PORTEbits                     (abs)        000F84
_PR2                           (abs)        000FCB
_PicIni21                      text9        007AE6
_RBIE                          (abs)        007F93
_RBIF                          (abs)        007F90
_RBIP                          (abs)        007F88
_RBPU                          (abs)        007F8F
_RCREG                         (abs)        000FAE
_RCSTAbits                     (abs)        000FAB
_SPBRG                         (abs)        000FAF
_SPBRGH                        (abs)        000FB0
_T0CONbits                     (abs)        000FD5
_T1CONbits                     (abs)        000FCD
_T2CONbits                     (abs)        000FCA
_TIMER0_INI                    text8        007A68
_TIMER1_INI                    text7        007AA2
_TMR0H                         (abs)        000FD7
_TMR0IF                        (abs)        007F92
_TMR0L                         (abs)        000FD6
_TMR0ON                        (abs)        007EAF
_TMR1H                         (abs)        000FCF
_TMR1IF                        (abs)        007CF0
_TMR1L                         (abs)        000FCE
_TMR1ON                        (abs)        007E68
_TRISA                         (abs)        000F92
_TRISAbits                     (abs)        000F92
_TRISB                         (abs)        000F93
_TRISBbits                     (abs)        000F93
_TRISC                         (abs)        000F94
_TRISCbits                     (abs)        000F94
_TRISD                         (abs)        000F95
_TRISDbits                     (abs)        000F95
_TRISE                         (abs)        000F96
_TRISEbits                     (abs)        000F96
_TXREG                         (abs)        000FAD
_TXSTAbits                     (abs)        000FAC
_UpperByte                     dataCOMRAM   00005A
__CFG_BOR$ON                   (abs)        000000
__CFG_BORV$3                   (abs)        000000
__CFG_CP0$OFF                  (abs)        000000
__CFG_CP1$OFF                  (abs)        000000
__CFG_CPB$OFF                  (abs)        000000
__CFG_CPUDIV$OSC1_PLL2         (abs)        000000
__CFG_EBTR0$OFF                (abs)        000000
__CFG_EBTR1$OFF                (abs)        000000
__CFG_EBTRB$OFF                (abs)        000000
__CFG_FCMEN$OFF                (abs)        000000
__CFG_FOSC$HSPLL_HS            (abs)        000000
__CFG_IESO$OFF                 (abs)        000000
__CFG_LPT1OSC$OFF              (abs)        000000
__CFG_LVP$OFF                  (abs)        000000
__CFG_MCLRE$ON                 (abs)        000000
__CFG_PBADEN$OFF               (abs)        000000
__CFG_PLLDIV$5                 (abs)        000000
__CFG_PWRT$OFF                 (abs)        000000
__CFG_STVREN$ON                (abs)        000000
__CFG_USBDIV$2                 (abs)        000000
__CFG_VREGEN$ON                (abs)        000000
__CFG_WDT$OFF                  (abs)        000000
__CFG_WDTPS$32768              (abs)        000000
__CFG_WRT0$OFF                 (abs)        000000
__CFG_WRT1$OFF                 (abs)        000000
__CFG_WRTB$OFF                 (abs)        000000
__CFG_WRTC$OFF                 (abs)        000000
__CFG_XINST$OFF                (abs)        000000
__HRAM                         (abs)        000000
__Habs1                        abs1         000000
__Hbank0                       bank0        000000
__Hbank1                       bank1        000000
__Hbank2                       bank2        000000
__Hbank3                       bank3        000000
__Hbank4                       bank4        000000
__Hbank5                       bank5        000000
__Hbank6                       bank6        000000
__Hbank7                       bank7        000000
__Hbigbss                      bigbss       000000
__Hbigdata                     bigdata      000000
__Hbigram                      bigram       000000
__Hbss                         bss          000000
__HbssBANK0                    bssBANK0     000000
__HbssCOMRAM                   bssCOMRAM    000000
__Hcinit                       cinit        000000
__Hclrtext                     clrtext      000000
__Hcomram                      comram       000000
__Hconfig                      config       30000E
__Hconst                       const        000000
__HcstackCOMRAM                cstackCOMRAM 000000
__Hdata                        data         000000
__HdataCOMRAM                  dataCOMRAM   000000
__Heeprom_data                 eeprom_data  000000
__Hfarbss                      farbss       000000
__Hfardata                     fardata      000000
__Hibigdata                    ibigdata     000000
__Hidata                       idata        000000
__HidataCOMRAM                 idataCOMRAM  000000
__Hidloc                       idloc        200008
__Hifardata                    ifardata     000000
__Hinit                        init         000012
__Hintcode                     intcode      00000E
__Hintcode_body                intcode_body 000000
__Hintcodelo                   intcodelo    00000E
__Hintentry                    intentry     000000
__Hintret                      intret       000000
__Hintsave_regs                intsave_regs 000000
__Hirdata                      irdata       000000
__Hmediumconst                 mediumconst  000000
__HnvBANK0                     nvBANK0      000000
__HnvFARRAM                    nvFARRAM     000000
__Hnvbit                       nvbit        000000
__Hnvrram                      nvrram       000000
__Hparam                       rparam       000000
__Hpowerup                     powerup      00000E
__Hram                         ram          000000
__Hramtop                      ramtop       000800
__Hrbit                        rbit         000000
__Hrbss                        rbss         000000
__Hrdata                       rdata        000000
__Hreset_vec                   reset_vec    000004
__Hrparam                      rparam       000000
__Hsfr                         sfr          000000
__Hsmallconst                  smallconst   002098
__Hspace_0                     (abs)        30000E
__Hspace_1                     (abs)        000066
__Hspace_2                     (abs)        000000
__Hstack                       stack        000000
__Hstruct                      struct       000000
__Htemp                        temp         000060
__Htext                        text         000000
__Htext0                       text0        000000
__Htext1                       text1        000000
__Htext10                      text10       000000
__Htext11                      text11       000000
__Htext12                      text12       000000
__Htext14                      text14       000000
__Htext15                      text15       000000
__Htext16                      text16       000000
__Htext2                       text2        000000
__Htext3                       text3        000000
__Htext4                       text4        000000
__Htext5                       text5        000000
__Htext6                       text6        000000
__Htext7                       text7        000000
__Htext8                       text8        000000
__Htext9                       text9        000000
__LRAM                         (abs)        000001
__Labs1                        abs1         000000
__Lbank0                       bank0        000000
__Lbank1                       bank1        000000
__Lbank2                       bank2        000000
__Lbank3                       bank3        000000
__Lbank4                       bank4        000000
__Lbank5                       bank5        000000
__Lbank6                       bank6        000000
__Lbank7                       bank7        000000
__Lbigbss                      bigbss       000000
__Lbigdata                     bigdata      000000
__Lbigram                      bigram       000000
__Lbss                         bss          000000
__LbssBANK0                    bssBANK0     000000
__LbssCOMRAM                   bssCOMRAM    000000
__Lcinit                       cinit        000000
__Lclrtext                     clrtext      000000
__Lcomram                      comram       000000
__Lconfig                      config       300000
__Lconst                       const        000000
__LcstackCOMRAM                cstackCOMRAM 000000
__Ldata                        data         000000
__LdataCOMRAM                  dataCOMRAM   000000
__Leeprom_data                 eeprom_data  000000
__Lfarbss                      farbss       000000
__Lfardata                     fardata      000000
__Libigdata                    ibigdata     000000
__Lidata                       idata        000000
__LidataCOMRAM                 idataCOMRAM  000000
__Lidloc                       idloc        200000
__Lifardata                    ifardata     000000
__Linit                        init         00000E
__Lintcode                     intcode      000008
__Lintcode_body                intcode_body 000000
__Lintcodelo                   intcodelo    00000E
__Lintentry                    intentry     000000
__Lintret                      intret       000000
__Lintsave_regs                intsave_regs 000000
__Lirdata                      irdata       000000
__Lmediumconst                 mediumconst  000000
__LnvBANK0                     nvBANK0      000000
__LnvFARRAM                    nvFARRAM     000000
__Lnvbit                       nvbit        000000
__Lnvrram                      nvrram       000000
__Lparam                       rparam       000000
__Lpowerup                     powerup      00000E
__Lram                         ram          000000
__Lramtop                      ramtop       000800
__Lrbit                        rbit         000000
__Lrbss                        rbss         000000
__Lrdata                       rdata        000000
__Lreset_vec                   reset_vec    000000
__Lrparam                      rparam       000000
__Lsfr                         sfr          000000
__Lsmallconst                  smallconst   002018
__Lspace_0                     (abs)        000000
__Lspace_1                     (abs)        000000
__Lspace_2                     (abs)        000000
__Lstack                       stack        000000
__Lstruct                      struct       000000
__Ltemp                        temp         00005F
__Ltext                        text         000000
__Ltext0                       text0        000000
__Ltext1                       text1        000000
__Ltext10                      text10       000000
__Ltext11                      text11       000000
__Ltext12                      text12       000000
__Ltext14                      text14       000000
__Ltext15                      text15       000000
__Ltext16                      text16       000000
__Ltext2                       text2        000000
__Ltext3                       text3        000000
__Ltext4                       text4        000000
__Ltext5                       text5        000000
__Ltext6                       text6        000000
__Ltext7                       text7        000000
__Ltext8                       text8        000000
__Ltext9                       text9        000000
__S0                           (abs)        30000E
__S1                           (abs)        000066
__S2                           (abs)        000000
___inthi_sp                    stack        000000
___intlo_sp                    stack        000000
___param_bank                  (abs)        000000
___rparam_used                 (abs)        000001
___sp                          stack        000000
__accesstop                    (abs)        000060
__activetblptr                 (abs)        000002
__end_of_LCD_init              text10       007E54
__end_of_PicIni21              text9        007B12
__end_of_TIMER0_INI            text8        007A82
__end_of_TIMER1_INI            text7        007AC2
__end_of__initialization       cinit        007BBC
__end_of_clear_LCD             text6        007B4A
__end_of_main                  text0        007AE6
__end_of_marca_tecla           text16       007A1C
__end_of_msg2LCD               text4        007C22
__end_of_myISR                 intcode_body 007CCC
__end_of_parpadeoLed           text2        008000
__end_of_set_CURSOR            text3        007B86
__end_of_tecladoIni13          text1        007A52
__end_of_teclas                smallconst   002025
__end_of_tic_LCD               text15       007A3C
__end_of_tic_teclado           text14       007A10
__end_of_write_CMD             text11       007A2A
__end_of_write_DATA            text5        002016
__end_of_write_LCD             text12       007AA2
__initialization               cinit        007B86
__mediumconst                  mediumconst  000000
__pbssBANK0                    bssBANK0     000060
__pbssCOMRAM                   bssCOMRAM    000001
__pcinit                       cinit        007B86
__pcstackCOMRAM                cstackCOMRAM 00002F
__pdataCOMRAM                  dataCOMRAM   000049
__pidataCOMRAM                 idataCOMRAM  007A52
__pintcode                     intcode      000008
__pintcode_body                intcode_body 007C22
__pnvBANK0                     nvBANK0      000064
__psmallconst                  smallconst   002018
__ptext0                       text0        007AC2
__ptext1                       text1        007A3C
__ptext10                      text10       007CCC
__ptext11                      text11       007A1C
__ptext12                      text12       007A82
__ptext14                      text14       007A06
__ptext15                      text15       007A2A
__ptext16                      text16       007A10
__ptext2                       text2        007E54
__ptext3                       text3        007B4A
__ptext4                       text4        007BCA
__ptext5                       text5        002008
__ptext6                       text6        007B12
__ptext7                       text7        007AA2
__ptext8                       text8        007A68
__ptext9                       text9        007AE6
__ramtop                       ramtop       000800
__size_of_LCD_init             (abs)        000000
__size_of_PicIni21             (abs)        000000
__size_of_TIMER0_INI           (abs)        000000
__size_of_TIMER1_INI           (abs)        000000
__size_of_clear_LCD            (abs)        000000
__size_of_main                 (abs)        000000
__size_of_marca_tecla          (abs)        000000
__size_of_msg2LCD              (abs)        000000
__size_of_myISR                (abs)        000000
__size_of_parpadeoLed          (abs)        000000
__size_of_set_CURSOR           (abs)        000000
__size_of_tecladoIni13         (abs)        000000
__size_of_tic_LCD              (abs)        000000
__size_of_tic_teclado          (abs)        000000
__size_of_write_CMD            (abs)        000000
__size_of_write_DATA           (abs)        000000
__size_of_write_LCD            (abs)        000000
__smallconst                   smallconst   002018
_activador_off                 bssCOMRAM    000001
_activador_on                  bssCOMRAM    000005
_activador_tiempo_ventana_peso bssCOMRAM    000009
_bot_tout                      bssCOMRAM    00002C
_casos_parpadeo                bssBANK0     000060
_clear_LCD                     text6        007B12
_col                           dataCOMRAM   000055
_delay_kb                      bssCOMRAM    000014
_desplazar_tout                bssCOMRAM    00000D
_encoderTout                   bssCOMRAM    000017
_fila                          dataCOMRAM   000056
_flagCanal                     bssCOMRAM    000016
_flag_kb                       bssCOMRAM    000015
_frecuencia                    dataCOMRAM   00005D
_led_tout                      bssCOMRAM    000011
_main                          text0        007AC2
_marca_tecla                   text16       007A10
_maximoEncoder                 bssCOMRAM    00001A
_minimoEncoder                 bssCOMRAM    000019
_msg2LCD                       text4        007BCA
_mux_tout                      bssCOMRAM    00002D
_myISR                         intcode      000008
_parpadeoLed                   text2        007E54
_posicionEncoder               bssCOMRAM    000018
_set_CURSOR                    text3        007B4A
_tecladoIni13                  text1        007A3C
_teclas                        smallconst   002019
_tic_LCD                       text15       007A2A
_tic_teclado                   text14       007A06
_tiempo_parpadeo_off           dataCOMRAM   000049
_tiempo_parpadeo_on            dataCOMRAM   00004D
_tiempo_ventana_peso           dataCOMRAM   000051
_write_CMD                     text11       007A1C
_write_DATA                    text5        002008
_write_LCD                     text12       007A82
btemp                          temp         00005F
clear_LCD@i                    cstackCOMRAM 000031
debounce@cnt0                  bssCOMRAM    000026
debounce@cnt1                  bssCOMRAM    000025
debounce@state                 bssCOMRAM    000027
demo_shield2_1@Desplazar       bssCOMRAM    00001F
demo_shield2_1@PrimeraVez      bssCOMRAM    000020
demo_shield2_1@cont            bssCOMRAM    00001E
demo_shield2_1@cont1           bssCOMRAM    00001D
demo_shield2_1@cont2           bssCOMRAM    00001C
demo_shield2_1@cont3           bssCOMRAM    00001B
demo_shield2_1@flag0           bssCOMRAM    000024
demo_shield2_1@flag1           bssCOMRAM    000023
demo_shield2_1@flag2           bssCOMRAM    000022
demo_shield2_1@flag3           bssCOMRAM    000021
end_of_initialization          cinit        007BBC
int$flags                      temp         00005F
int_func                       intcode_body 007C22
intlevel0                      text         000000
intlevel1                      text         000000
intlevel2                      text         000000
intlevel3                      text         000000
msg2LCD@datos                  cstackCOMRAM 000031
msg2LCD@i                      cstackCOMRAM 000033
set_CURSOR@i                   cstackCOMRAM 000032
set_CURSOR@posi                cstackCOMRAM 000031
stackhi                        (abs)        0007FF
stacklo                        (abs)        000066
start                          init         00000E
start_initialization           cinit        007B86
tecla@status_KB                bssCOMRAM    000013
tic_debounce@debounce_tic      dataCOMRAM   000058
tic_encoder@estado             dataCOMRAM   000057
ttemp5                         temp         000060
ttemp6                         temp         000063
ttemp7                         temp         000067
write_CMD@dato                 cstackCOMRAM 000030
write_DATA@dato                cstackCOMRAM 000030
write_LCD@dato                 cstackCOMRAM 00002F
wtemp8                         temp         000060


FUNCTION INFORMATION:

 *************** function _main *****************
 Defined at:
		line 35 in file "main.c"
 Parameters:    Size  Location     Type
		None
 Auto vars:     Size  Location     Type
		None
 Return value:  Size  Location     Type
                  1    wreg      void 
 Registers used:
		wreg, status,2, status,0, tblptrl, tblptrh, tblptru, cstack
 Tracked objects:
		On entry : 
		On exit  : 
		Unchanged: 
 Data sizes:     COMRAM   BANK0   BANK1   BANK2   BANK3   BANK4   BANK5   BANK6   BANK7
      Params:         0       0       0       0       0       0       0       0       0
      Locals:         0       0       0       0       0       0       0       0       0
      Temps:          0       0       0       0       0       0       0       0       0
      Totals:         0       0       0       0       0       0       0       0       0
Total ram usage:        0 bytes
 Hardware stack levels required when called:    6
 This function calls:
		_LCD_init
		_PicIni21
		_TIMER0_INI
		_TIMER1_INI
		_parpadeoLed
		_tecladoIni13
 This function is called by:
		Startup code after reset
 This function uses a non-reentrant model


 *************** function _tecladoIni13 *****************
 Defined at:
		line 42 in file "teclado.c"
 Parameters:    Size  Location     Type
		None
 Auto vars:     Size  Location     Type
		None
 Return value:  Size  Location     Type
                  1    wreg      void 
 Registers used:
		wreg, status,2
 Tracked objects:
		On entry : 
		On exit  : 
		Unchanged: 
 Data sizes:     COMRAM   BANK0   BANK1   BANK2   BANK3   BANK4   BANK5   BANK6   BANK7
      Params:         0       0       0       0       0       0       0       0       0
      Locals:         0       0       0       0       0       0       0       0       0
      Temps:          0       0       0       0       0       0       0       0       0
      Totals:         0       0       0       0       0       0       0       0       0
Total ram usage:        0 bytes
 Hardware stack levels used:    1
 Hardware stack levels required when called:    2
 This function calls:
		Nothing
 This function is called by:
		_main
 This function uses a non-reentrant model


 *************** function _parpadeoLed *****************
 Defined at:
		line 110 in file "main.c"
 Parameters:    Size  Location     Type
		None
 Auto vars:     Size  Location     Type
		None
 Return value:  Size  Location     Type
                  1    wreg      void 
 Registers used:
		wreg, status,2, status,0, tblptrl, tblptrh, tblptru, cstack
 Tracked objects:
		On entry : 
		On exit  : 
		Unchanged: 
 Data sizes:     COMRAM   BANK0   BANK1   BANK2   BANK3   BANK4   BANK5   BANK6   BANK7
      Params:         0       0       0       0       0       0       0       0       0
      Locals:         0       0       0       0       0       0       0       0       0
      Temps:          4       0       0       0       0       0       0       0       0
      Totals:         4       0       0       0       0       0       0       0       0
Total ram usage:        4 bytes
 Hardware stack levels used:    1
 Hardware stack levels required when called:    5
 This function calls:
		_clear_LCD
		_msg2LCD
		_set_CURSOR
 This function is called by:
		_main
 This function uses a non-reentrant model


 *************** function _set_CURSOR *****************
 Defined at:
		line 64 in file "lcd.c"
 Parameters:    Size  Location     Type
  posi            1    wreg     unsigned char 
 Auto vars:     Size  Location     Type
  posi            1    2[COMRAM] unsigned char 
  i               4    3[COMRAM] unsigned long 
 Return value:  Size  Location     Type
                  1    wreg      void 
 Registers used:
		wreg, status,2, status,0, cstack
 Tracked objects:
		On entry : 
		On exit  : 
		Unchanged: 
 Data sizes:     COMRAM   BANK0   BANK1   BANK2   BANK3   BANK4   BANK5   BANK6   BANK7
      Params:         0       0       0       0       0       0       0       0       0
      Locals:         5       0       0       0       0       0       0       0       0
      Temps:          0       0       0       0       0       0       0       0       0
      Totals:         5       0       0       0       0       0       0       0       0
Total ram usage:        5 bytes
 Hardware stack levels used:    1
 Hardware stack levels required when called:    4
 This function calls:
		_write_CMD
 This function is called by:
		_parpadeoLed
		_demo_shield2_1
 This function uses a non-reentrant model


 *************** function _msg2LCD *****************
 Defined at:
		line 27 in file "lcd.c"
 Parameters:    Size  Location     Type
  datos           2    2[COMRAM] PTR const unsigned char 
		 -> STR_11(28), STR_10(5), STR_9(5), STR_8(5), 
		 -> STR_5(5), STR_4(13), STR_3(16), STR_2(15), 
		 -> STR_1(15), 
 Auto vars:     Size  Location     Type
  i               4    4[COMRAM] unsigned long 
 Return value:  Size  Location     Type
                  1    wreg      void 
 Registers used:
		wreg, status,2, status,0, tblptrl, tblptrh, tblptru, cstack
 Tracked objects:
		On entry : 
		On exit  : 
		Unchanged: 
 Data sizes:     COMRAM   BANK0   BANK1   BANK2   BANK3   BANK4   BANK5   BANK6   BANK7
      Params:         2       0       0       0       0       0       0       0       0
      Locals:         4       0       0       0       0       0       0       0       0
      Temps:          0       0       0       0       0       0       0       0       0
      Totals:         6       0       0       0       0       0       0       0       0
Total ram usage:        6 bytes
 Hardware stack levels used:    1
 Hardware stack levels required when called:    4
 This function calls:
		_write_DATA
 This function is called by:
		_parpadeoLed
		_demo_shield2_1_INI
		_demo_shield2_1
 This function uses a non-reentrant model


 *************** function _write_DATA *****************
 Defined at:
		line 120 in file "lcd.c"
 Parameters:    Size  Location     Type
  dato            1    wreg     unsigned char 
 Auto vars:     Size  Location     Type
  dato            1    1[COMRAM] unsigned char 
 Return value:  Size  Location     Type
                  1    wreg      void 
 Registers used:
		wreg, status,2, status,0, cstack
 Tracked objects:
		On entry : 
		On exit  : 
		Unchanged: 
 Data sizes:     COMRAM   BANK0   BANK1   BANK2   BANK3   BANK4   BANK5   BANK6   BANK7
      Params:         0       0       0       0       0       0       0       0       0
      Locals:         1       0       0       0       0       0       0       0       0
      Temps:          0       0       0       0       0       0       0       0       0
      Totals:         1       0       0       0       0       0       0       0       0
Total ram usage:        1 bytes
 Hardware stack levels used:    1
 Hardware stack levels required when called:    3
 This function calls:
		_write_LCD
 This function is called by:
		_msg2LCD
		_char2LCD
 This function uses a non-reentrant model


 *************** function _clear_LCD *****************
 Defined at:
		line 48 in file "lcd.c"
 Parameters:    Size  Location     Type
		None
 Auto vars:     Size  Location     Type
  i               4    2[COMRAM] unsigned long 
 Return value:  Size  Location     Type
                  1    wreg      void 
 Registers used:
		wreg, status,2, status,0, cstack
 Tracked objects:
		On entry : 
		On exit  : 
		Unchanged: 
 Data sizes:     COMRAM   BANK0   BANK1   BANK2   BANK3   BANK4   BANK5   BANK6   BANK7
      Params:         0       0       0       0       0       0       0       0       0
      Locals:         4       0       0       0       0       0       0       0       0
      Temps:          0       0       0       0       0       0       0       0       0
      Totals:         4       0       0       0       0       0       0       0       0
Total ram usage:        4 bytes
 Hardware stack levels used:    1
 Hardware stack levels required when called:    4
 This function calls:
		_write_CMD
 This function is called by:
		_parpadeoLed
		_demo_shield2_1_INI
		_demo_shield2_1
 This function uses a non-reentrant model


 *************** function _TIMER1_INI *****************
 Defined at:
		line 26 in file "Tecnica1.c"
 Parameters:    Size  Location     Type
		None
 Auto vars:     Size  Location     Type
		None
 Return value:  Size  Location     Type
                  1    wreg      void 
 Registers used:
		wreg, status,2
 Tracked objects:
		On entry : 
		On exit  : 
		Unchanged: 
 Data sizes:     COMRAM   BANK0   BANK1   BANK2   BANK3   BANK4   BANK5   BANK6   BANK7
      Params:         0       0       0       0       0       0       0       0       0
      Locals:         0       0       0       0       0       0       0       0       0
      Temps:          0       0       0       0       0       0       0       0       0
      Totals:         0       0       0       0       0       0       0       0       0
Total ram usage:        0 bytes
 Hardware stack levels used:    1
 Hardware stack levels required when called:    2
 This function calls:
		Nothing
 This function is called by:
		_main
		_demo_shield2_1_INI
 This function uses a non-reentrant model


 *************** function _TIMER0_INI *****************
 Defined at:
		line 13 in file "Tecnica1.c"
 Parameters:    Size  Location     Type
		None
 Auto vars:     Size  Location     Type
		None
 Return value:  Size  Location     Type
                  1    wreg      void 
 Registers used:
		wreg, status,2
 Tracked objects:
		On entry : 
		On exit  : 
		Unchanged: 
 Data sizes:     COMRAM   BANK0   BANK1   BANK2   BANK3   BANK4   BANK5   BANK6   BANK7
      Params:         0       0       0       0       0       0       0       0       0
      Locals:         0       0       0       0       0       0       0       0       0
      Temps:          0       0       0       0       0       0       0       0       0
      Totals:         0       0       0       0       0       0       0       0       0
Total ram usage:        0 bytes
 Hardware stack levels used:    1
 Hardware stack levels required when called:    2
 This function calls:
		Nothing
 This function is called by:
		_main
		_demo_shield2_1_INI
 This function uses a non-reentrant model


 *************** function _PicIni21 *****************
 Defined at:
		line 3 in file "ConfShield2_1.c"
 Parameters:    Size  Location     Type
		None
 Auto vars:     Size  Location     Type
		None
 Return value:  Size  Location     Type
                  1    wreg      void 
 Registers used:
		wreg, status,2
 Tracked objects:
		On entry : 
		On exit  : 
		Unchanged: 
 Data sizes:     COMRAM   BANK0   BANK1   BANK2   BANK3   BANK4   BANK5   BANK6   BANK7
      Params:         0       0       0       0       0       0       0       0       0
      Locals:         0       0       0       0       0       0       0       0       0
      Temps:          0       0       0       0       0       0       0       0       0
      Totals:         0       0       0       0       0       0       0       0       0
Total ram usage:        0 bytes
 Hardware stack levels used:    1
 Hardware stack levels required when called:    2
 This function calls:
		Nothing
 This function is called by:
		_main
		_demo_shield2_1_INI
 This function uses a non-reentrant model


 *************** function _LCD_init *****************
 Defined at:
		line 79 in file "lcd.c"
 Parameters:    Size  Location     Type
		None
 Auto vars:     Size  Location     Type
  i               4   22[COMRAM] unsigned long 
  i               4   18[COMRAM] unsigned long 
  i               4   14[COMRAM] unsigned long 
  i               4   10[COMRAM] unsigned long 
  i               4    6[COMRAM] unsigned long 
  i               4    2[COMRAM] unsigned long 
 Return value:  Size  Location     Type
                  1    wreg      void 
 Registers used:
		wreg, status,2, status,0, cstack
 Tracked objects:
		On entry : 
		On exit  : 
		Unchanged: 
 Data sizes:     COMRAM   BANK0   BANK1   BANK2   BANK3   BANK4   BANK5   BANK6   BANK7
      Params:         0       0       0       0       0       0       0       0       0
      Locals:        24       0       0       0       0       0       0       0       0
      Temps:          0       0       0       0       0       0       0       0       0
      Totals:        24       0       0       0       0       0       0       0       0
Total ram usage:       24 bytes
 Hardware stack levels used:    1
 Hardware stack levels required when called:    4
 This function calls:
		_write_CMD
 This function is called by:
		_main
		_demo_shield2_1_INI
 This function uses a non-reentrant model


 *************** function _write_CMD *****************
 Defined at:
		line 130 in file "lcd.c"
 Parameters:    Size  Location     Type
  dato            1    wreg     unsigned char 
 Auto vars:     Size  Location     Type
  dato            1    1[COMRAM] unsigned char 
 Return value:  Size  Location     Type
                  1    wreg      void 
 Registers used:
		wreg, status,2, status,0, cstack
 Tracked objects:
		On entry : 
		On exit  : 
		Unchanged: 
 Data sizes:     COMRAM   BANK0   BANK1   BANK2   BANK3   BANK4   BANK5   BANK6   BANK7
      Params:         0       0       0       0       0       0       0       0       0
      Locals:         1       0       0       0       0       0       0       0       0
      Temps:          0       0       0       0       0       0       0       0       0
      Totals:         1       0       0       0       0       0       0       0       0
Total ram usage:        1 bytes
 Hardware stack levels used:    1
 Hardware stack levels required when called:    3
 This function calls:
		_write_LCD
 This function is called by:
		_clear_LCD
		_set_CURSOR
		_LCD_init
		_ret_HOME
		_DesplazarIzquierda
 This function uses a non-reentrant model


 *************** function _write_LCD *****************
 Defined at:
		line 140 in file "lcd.c"
 Parameters:    Size  Location     Type
  dato            1    wreg     unsigned char 
 Auto vars:     Size  Location     Type
  dato            1    0[COMRAM] unsigned char 
 Return value:  Size  Location     Type
                  1    wreg      void 
 Registers used:
		wreg, status,2, status,0
 Tracked objects:
		On entry : 
		On exit  : 
		Unchanged: 
 Data sizes:     COMRAM   BANK0   BANK1   BANK2   BANK3   BANK4   BANK5   BANK6   BANK7
      Params:         0       0       0       0       0       0       0       0       0
      Locals:         1       0       0       0       0       0       0       0       0
      Temps:          0       0       0       0       0       0       0       0       0
      Totals:         1       0       0       0       0       0       0       0       0
Total ram usage:        1 bytes
 Hardware stack levels used:    1
 Hardware stack levels required when called:    2
 This function calls:
		Nothing
 This function is called by:
		_write_DATA
		_write_CMD
 This function uses a non-reentrant model


 *************** function _myISR *****************
 Defined at:
		line 61 in file "main.c"
 Parameters:    Size  Location     Type
		None
 Auto vars:     Size  Location     Type
		None
 Return value:  Size  Location     Type
                  1    wreg      void 
 Registers used:
		wreg, status,2, status,0, cstack
 Tracked objects:
		On entry : 
		On exit  : 
		Unchanged: 
 Data sizes:     COMRAM   BANK0   BANK1   BANK2   BANK3   BANK4   BANK5   BANK6   BANK7
      Params:         0       0       0       0       0       0       0       0       0
      Locals:         0       0       0       0       0       0       0       0       0
      Temps:          0       0       0       0       0       0       0       0       0
      Totals:         0       0       0       0       0       0       0       0       0
Total ram usage:        0 bytes
 Hardware stack levels used:    1
 Hardware stack levels required when called:    1
 This function calls:
		_marca_tecla
		_tic_LCD
		_tic_teclado
 This function is called by:
		Interrupt level 2
 This function uses a non-reentrant model


 *************** function _tic_teclado *****************
 Defined at:
		line 214 in file "teclado.c"
 Parameters:    Size  Location     Type
		None
 Auto vars:     Size  Location     Type
		None
 Return value:  Size  Location     Type
                  1    wreg      void 
 Registers used:
		wreg, status,2, status,0
 Tracked objects:
		On entry : 
		On exit  : 
		Unchanged: 
 Data sizes:     COMRAM   BANK0   BANK1   BANK2   BANK3   BANK4   BANK5   BANK6   BANK7
      Params:         0       0       0       0       0       0       0       0       0
      Locals:         0       0       0       0       0       0       0       0       0
      Temps:          0       0       0       0       0       0       0       0       0
      Totals:         0       0       0       0       0       0       0       0       0
Total ram usage:        0 bytes
 Hardware stack levels used:    1
 This function calls:
		Nothing
 This function is called by:
		_myISR
 This function uses a non-reentrant model


 *************** function _tic_LCD *****************
 Defined at:
		line 182 in file "lcd.c"
 Parameters:    Size  Location     Type
		None
 Auto vars:     Size  Location     Type
		None
 Return value:  Size  Location     Type
                  1    wreg      void 
 Registers used:
		wreg, status,2, status,0
 Tracked objects:
		On entry : 
		On exit  : 
		Unchanged: 
 Data sizes:     COMRAM   BANK0   BANK1   BANK2   BANK3   BANK4   BANK5   BANK6   BANK7
      Params:         0       0       0       0       0       0       0       0       0
      Locals:         0       0       0       0       0       0       0       0       0
      Temps:          0       0       0       0       0       0       0       0       0
      Totals:         0       0       0       0       0       0       0       0       0
Total ram usage:        0 bytes
 Hardware stack levels used:    1
 This function calls:
		Nothing
 This function is called by:
		_myISR
		_tic_demo_shield2_1
 This function uses a non-reentrant model


 *************** function _marca_tecla *****************
 Defined at:
		line 207 in file "teclado.c"
 Parameters:    Size  Location     Type
		None
 Auto vars:     Size  Location     Type
		None
 Return value:  Size  Location     Type
                  1    wreg      void 
 Registers used:
		wreg, status,2
 Tracked objects:
		On entry : 
		On exit  : 
		Unchanged: 
 Data sizes:     COMRAM   BANK0   BANK1   BANK2   BANK3   BANK4   BANK5   BANK6   BANK7
      Params:         0       0       0       0       0       0       0       0       0
      Locals:         0       0       0       0       0       0       0       0       0
      Temps:          0       0       0       0       0       0       0       0       0
      Totals:         0       0       0       0       0       0       0       0       0
Total ram usage:        0 bytes
 Hardware stack levels used:    1
 This function calls:
		Nothing
 This function is called by:
		_myISR
 This function uses a non-reentrant model



MODULE INFORMATION

Module		Function		Class		Link	Load	Size
teclado.c
		_tecladoIni13  		CODE           	7A3C	0000	23
		_tic_teclado   		CODE           	7A06	0000	11
		_marca_tecla   		CODE           	7A10	0000	13

teclado.c estimated size: 47

ConfShield2_1.c
		_PicIni21      		CODE           	7AE6	0000	45

ConfShield2_1.c estimated size: 45

shared
		_teclas        		SMALLCONST     	2019	0000	13
		__initialization		CODE           	7B86	0000	55

shared estimated size: 68

Tecnica1.c
		_TIMER1_INI    		CODE           	7AA2	0000	33
		_TIMER0_INI    		CODE           	7A68	0000	27

Tecnica1.c estimated size: 60

lcd.c
		_write_DATA    		CODE           	2008	0000	15
		_msg2LCD       		CODE           	7BCA	0000	89
		_write_CMD     		CODE           	7A1C	0000	15
		_LCD_init      		CODE           	7CCC	0000	393
		_write_LCD     		CODE           	7A82	0000	33
		_clear_LCD     		CODE           	7B12	0000	57
		_set_CURSOR    		CODE           	7B4A	0000	61
		_tic_LCD       		CODE           	7A2A	0000	19

lcd.c estimated size: 682

main.c
		_myISR         		CODE           	0008	0000	177
		_main          		CODE           	7AC2	0000	37
		_parpadeoLed   		CODE           	7E54	0000	429

main.c estimated size: 643

